============================= test session starts =============================
platform win32 -- Python 3.12.4, pytest-8.0.2, pluggy-1.6.0
rootdir: C:\Users\KOUSSAY\Desktop\PFE Project Matcher & Auto-Apply System\pfe-matcher
collected 0 items / 1 error

=================================== ERRORS ====================================
_______________ ERROR collecting tests/test_hybrid_matching.py ________________
ImportError while importing test module 'C:\Users\KOUSSAY\Desktop\PFE Project Matcher & Auto-Apply System\pfe-matcher\tests\test_hybrid_matching.py'.
Hint: make sure your test modules/packages have valid Python names.
Traceback:
C:\Python312\Lib\importlib\__init__.py:90: in import_module
    return _bootstrap._gcd_import(name[level:], package, level)
tests\test_hybrid_matching.py:4: in <module>
    from src.ai_engine.embeddings import EmbeddingEngine
src\ai_engine\embeddings.py:7: in <module>
    from src.data_management.database import (
E   ImportError: cannot import name 'get_project_embeddings' from 'src.data_management.database' (C:\Users\KOUSSAY\Desktop\PFE Project Matcher & Auto-Apply System\pfe-matcher\src\data_management\database.py)
============================== warnings summary ===============================
src\data_management\models.py:5
  C:\Users\KOUSSAY\Desktop\PFE Project Matcher & Auto-Apply System\pfe-matcher\src\data_management\models.py:5: MovedIn20Warning: The ``declarative_base()`` function is now available as sqlalchemy.orm.declarative_base(). (deprecated since: 2.0) (Background on SQLAlchemy 2.0 at: https://sqlalche.me/e/b8d9)
    Base = declarative_base()

-- Docs: https://docs.pytest.org/en/stable/how-to/capture-warnings.html
=========================== short test summary info ===========================
ERROR tests/test_hybrid_matching.py
!!!!!!!!!!!!!!!!!!! Interrupted: 1 error during collection !!!!!!!!!!!!!!!!!!!!
========================= 1 warning, 1 error in 7.70s =========================
